
Total: 100, ticker in title: 63

--- TOP 10 by score ---
1. [score:1869] [comments:1244] This market is disgustingly overpriced, and we are due for a correction similar 
2. [score:894] [comments:106] No more greed, I'm leaving. $ nvda profit 2450%
3. [score:854] [comments:134] Trump just cleared the runway for NVDA and AMD to dump AI chips everywhere
4. [score:788] [comments:84] 1900 percent gain of 6.2k in 3 mins.
5. [score:335] [comments:44] $13,000 in 1.5 hours. THANK YOU NVDA
6. [score:283] [comments:411] How to take advantage of possible end of China Trade War?
7. [score:130] [comments:32] Nvidia CEO Jensen Huang Is Set to Speak at Computex Sunday鈥擶hat You Need To Know
8. [score:99] [comments:8] Nvidia plans to sell tech to speed AI chip communication
9. [score:94] [comments:12] Lil baby gains $NVDA
10. [score:93] [comments:31] $NVDA Call received 1031%

--- TOP 10 by score (ticker in title: 63) ---
1. [score:894] [comments:106] No more greed, I'm leaving. $ nvda profit 2450%
2. [score:854] [comments:134] Trump just cleared the runway for NVDA and AMD to dump AI chips everywhere
3. [score:335] [comments:44] $13,000 in 1.5 hours. THANK YOU NVDA
4. [score:94] [comments:12] Lil baby gains $NVDA
5. [score:93] [comments:31] $NVDA Call received 1031%
6. [score:90] [comments:27] Last week I bought NVDA calls at $7.98 up 964% and now have a profit of $10,845 
7. [score:79] [comments:21] $NVDA deal with UAE to be bigger than Saudi鈥檚
8. [score:51] [comments:12] Today, NVDA stocks achieved a profit of $7,700. This was a successful breakout f
9. [score:47] [comments:64] Nvda 100 PUTS @ 129 expiring May 23rd.
10. [score:25] [comments:10] Sold NVDA for some TSLA gains.

--- Score distribution ---
score >= 20: 19 posts
1. [score:1869] [comments:1244] This market is disgustingly overpriced, and we are due for a correction similar 
2. [score:894] [comments:106] No more greed, I'm leaving. $ nvda profit 2450%
3. [score:854] [comments:134] Trump just cleared the runway for NVDA and AMD to dump AI chips everywhere
4. [score:788] [comments:84] 1900 percent gain of 6.2k in 3 mins.
5. [score:335] [comments:44] $13,000 in 1.5 hours. THANK YOU NVDA
6. [score:283] [comments:411] How to take advantage of possible end of China Trade War?
7. [score:130] [comments:32] Nvidia CEO Jensen Huang Is Set to Speak at Computex Sunday鈥擶hat You Need To Know
8. [score:99] [comments:8] Nvidia plans to sell tech to speed AI chip communication
9. [score:94] [comments:12] Lil baby gains $NVDA
10. [score:93] [comments:31] $NVDA Call received 1031%
